
Running 1 test using 1 worker

[1A[2K[1/1] [crm] ÔÇ║ tests\crm\Miftah-masters\make-up.spec.ts:4:5 ÔÇ║ Create Makeup Artist Service - Miftah Master Portal
[1A[2K  1) [crm] ÔÇ║ tests\crm\Miftah-masters\make-up.spec.ts:4:5 ÔÇ║ Create Makeup Artist Service - Miftah Master Portal 

    [31mTest timeout of 30000ms exceeded.[39m

    Error Context: test-results\Miftah-masters-make-up-Cre-8881a-vice---Miftah-Master-Portal-crm\error-context.md


[1A[2K  1 failed
    [crm] ÔÇ║ tests\crm\Miftah-masters\make-up.spec.ts:4:5 ÔÇ║ Create Makeup Artist Service - Miftah Master Portal 

[36m  Serving HTML report at http://localhost:58546. Press Ctrl+C to quit.[39m
